
> and-the-time-is@0.1.0 build
> next build

